// Jest Snapshot v1, https://jestjs.io/docs/snapshot-testing

exports[`matches snapshot (small & stable) 1`] = `
<span
  class="badge"
  role="status"
>
  New
</span>
`;
